// Jest Snapshot v1, https://goo.gl/fbAQLP

exports[`BaseLayoutItem mounts and renders properly 1`] = `"<div class=\\"v-layout__item u-1/1\\"></div>"`;
